[54571:0x102802400]       19 ms: Scavenge 3.4 (6.3) -> 3.1 (7.3) MB, 0.7 / 0.0 ms  allocation failure 
[54571:0x102802400]       26 ms: Scavenge 3.6 (7.3) -> 3.5 (8.3) MB, 0.8 / 0.0 ms  allocation failure 
[54571:0x102802400]       40 ms: Scavenge 4.6 (8.3) -> 4.5 (11.3) MB, 0.5 / 0.0 ms  allocation failure 
[54571:0x102802400]       41 ms: Scavenge 5.8 (11.3) -> 5.8 (11.8) MB, 0.7 / 0.0 ms  allocation failure 
[54571:0x102802400]       42 ms: Scavenge 6.4 (11.8) -> 6.4 (16.8) MB, 0.6 / 0.0 ms  allocation failure 
[54571:0x102802400]       44 ms: Scavenge 9.7 (16.8) -> 9.7 (17.8) MB, 0.8 / 0.0 ms  allocation failure 
[54571:0x102802400]       46 ms: Scavenge 10.3 (17.8) -> 10.1 (29.3) MB, 1.3 / 0.0 ms  allocation failure 
[54571:0x102802400]       51 ms: Scavenge 17.3 (29.3) -> 17.4 (29.3) MB, 1.6 / 0.0 ms  allocation failure 
[54571:0x102802400]       54 ms: Scavenge 17.9 (29.3) -> 17.6 (53.3) MB, 2.4 / 0.0 ms  allocation failure 
[54571:0x102802400]       60 ms: Scavenge 32.7 (53.3) -> 33.0 (53.3) MB, 3.2 / 0.0 ms  allocation failure 
[54571:0x102802400]       64 ms: Scavenge 33.3 (53.3) -> 32.5 (68.3) MB, 3.1 / 0.0 ms  allocation failure 
[54571:0x102802400]       69 ms: Scavenge 48.5 (68.9) -> 49.3 (69.9) MB, 2.7 / 0.0 ms  allocation failure 
[54571:0x102802400]       72 ms: Scavenge 49.3 (69.9) -> 48.6 (84.4) MB, 3.3 / 0.0 ms  allocation failure 
[54571:0x102802400]       76 ms: Scavenge 64.3 (84.4) -> 65.0 (85.9) MB, 2.8 / 0.0 ms  allocation failure 
[54571:0x102802400]       79 ms: Scavenge 65.1 (85.9) -> 64.3 (101.4) MB, 3.2 / 0.0 ms  allocation failure 
[54571:0x102802400]       84 ms: Scavenge 80.9 (102.3) -> 81.6 (102.8) MB, 2.9 / 0.0 ms  allocation failure 
[54571:0x102802400]       87 ms: Scavenge 81.7 (102.8) -> 80.9 (117.8) MB, 3.2 / 0.0 ms  allocation failure 
[54571:0x102802400]       92 ms: Scavenge 96.6 (117.8) -> 97.4 (118.8) MB, 2.7 / 0.0 ms  allocation failure 
[54571:0x102802400]       95 ms: Scavenge 97.4 (118.8) -> 96.6 (133.8) MB, 3.3 / 0.0 ms  allocation failure 
[54571:0x102802400]      100 ms: Scavenge 113.7 (135.1) -> 114.4 (136.1) MB, 2.8 / 0.0 ms  allocation failure 
[54571:0x102802400]      103 ms: Scavenge 114.4 (136.1) -> 113.7 (151.1) MB, 3.4 / 0.0 ms  allocation failure 
[54571:0x102802400]      108 ms: Scavenge 129.4 (151.1) -> 130.2 (152.1) MB, 2.8 / 0.0 ms  allocation failure 
[54571:0x102802400]      111 ms: Scavenge 130.2 (152.1) -> 129.4 (167.6) MB, 3.4 / 0.0 ms  allocation failure 
[54571:0x102802400]      123 ms: Scavenge 145.1 (167.6) -> 145.9 (168.1) MB, 3.0 / 0.0 ms  allocation failure 
[54571:0x102802400]      126 ms: Scavenge 145.9 (168.1) -> 145.1 (183.6) MB, 3.6 / 0.0 ms  allocation failure 
[54571:0x102802400]      146 ms: Scavenge 162.8 (185.6) -> 163.6 (186.1) MB, 2.9 / 0.0 ms  allocation failure 
[54571:0x102802400]      150 ms: Scavenge 163.6 (186.1) -> 162.8 (201.6) MB, 3.9 / 0.0 ms  allocation failure 
[54571:0x102802400]      173 ms: Scavenge 178.6 (201.6) -> 179.3 (202.1) MB, 2.9 / 0.0 ms  allocation failure 
[54571:0x102802400]      176 ms: Scavenge 179.3 (202.1) -> 178.6 (217.6) MB, 3.6 / 0.0 ms  allocation failure 
[54571:0x102802400]      202 ms: Mark-sweep 192.5 (217.6) -> 190.3 (216.1) MB, 2.2 / 0.0 ms  (+ 60.9 ms in 724 steps since start of marking, biggest step 4.5 ms, walltime since start of marking 99 ms) finalize incremental marking via stack guard GC in old space requested
[54571:0x102802400]      210 ms: Scavenge 192.1 (216.1) -> 192.1 (229.1) MB, 7.2 / 0.0 ms  allocation failure 
[54571:0x102802400]      219 ms: Scavenge 206.0 (229.1) -> 206.6 (231.1) MB, 3.6 / 0.0 ms  allocation failure 
[54571:0x102802400]      222 ms: Scavenge 207.7 (231.1) -> 207.1 (246.1) MB, 3.3 / 0.0 ms  allocation failure 
[54571:0x102802400]      228 ms: Scavenge 224.6 (249.1) -> 225.3 (251.6) MB, 3.1 / 0.0 ms  allocation failure 
[54571:0x102802400]      232 ms: Scavenge 225.7 (251.6) -> 224.9 (268.1) MB, 3.7 / 0.0 ms  allocation failure 
[54571:0x102802400]      236 ms: Scavenge 240.2 (268.1) -> 241.0 (270.1) MB, 2.9 / 0.0 ms  allocation failure 
[54571:0x102802400]      240 ms: Scavenge 241.0 (270.1) -> 240.3 (286.1) MB, 3.6 / 0.0 ms  allocation failure 
[54571:0x102802400]      244 ms: Scavenge 256.0 (286.1) -> 256.7 (288.1) MB, 3.0 / 0.0 ms  allocation failure 
[54571:0x102802400]      248 ms: Scavenge 256.8 (288.1) -> 256.0 (304.1) MB, 3.9 / 0.0 ms  allocation failure 
[54571:0x102802400]      254 ms: Scavenge 271.7 (304.1) -> 272.5 (306.1) MB, 4.0 / 0.0 ms  allocation failure 
[54571:0x102802400]      258 ms: Scavenge 272.5 (306.1) -> 271.7 (322.6) MB, 3.7 / 0.0 ms  allocation failure 
[54571:0x102802400]      263 ms: Scavenge 287.4 (322.6) -> 288.2 (324.6) MB, 4.1 / 0.0 ms  allocation failure 
[54571:0x102802400]      267 ms: Scavenge 288.2 (324.6) -> 287.5 (340.6) MB, 3.7 / 0.0 ms  allocation failure 
[54571:0x102802400]      272 ms: Scavenge 303.2 (340.6) -> 303.9 (342.6) MB, 4.0 / 0.0 ms  allocation failure 
[54571:0x102802400]      276 ms: Scavenge 304.0 (342.6) -> 303.2 (359.1) MB, 3.7 / 0.0 ms  allocation failure 
[54571:0x102802400]      281 ms: Scavenge 318.9 (359.1) -> 319.7 (361.1) MB, 4.1 / 0.0 ms  allocation failure 
[54571:0x102802400]      285 ms: Scavenge 319.7 (361.1) -> 318.9 (377.1) MB, 3.7 / 0.0 ms  allocation failure 
[54571:0x102802400]      292 ms: Scavenge 339.1 (381.5) -> 339.8 (383.5) MB, 3.2 / 0.0 ms  allocation failure 
[54571:0x102802400]      296 ms: Scavenge 339.8 (383.5) -> 339.1 (399.5) MB, 3.6 / 0.0 ms  allocation failure 
[54571:0x102802400]      314 ms: Scavenge 354.8 (399.5) -> 355.6 (399.5) MB, 3.7 / 0.0 ms  allocation failure 
[54571:0x102802400]      319 ms: Scavenge 355.6 (399.5) -> 354.8 (409.5) MB, 4.9 / 0.0 ms  allocation failure 
[54571:0x102802400]      360 ms: Scavenge 370.5 (409.5) -> 371.3 (409.5) MB, 3.9 / 0.0 ms  allocation failure 
[54571:0x102802400]      366 ms: Scavenge 371.3 (409.5) -> 370.6 (425.0) MB, 5.1 / 0.0 ms  allocation failure 
[54571:0x102802400]      442 ms: Mark-sweep 385.1 (425.0) -> 378.9 (406.8) MB, 3.8 / 0.0 ms  (+ 120.2 ms in 730 steps since start of marking, biggest step 5.2 ms, walltime since start of marking 149 ms) finalize incremental marking via stack guard GC in old space requested
[54571:0x102802400]      454 ms: Scavenge 380.1 (406.8) -> 380.1 (422.3) MB, 11.7 / 0.0 ms  allocation failure 
[54571:0x102802400]      463 ms: Scavenge 394.6 (422.3) -> 395.4 (424.3) MB, 3.5 / 0.0 ms  allocation failure 
[54571:0x102802400]      468 ms: Scavenge 395.7 (424.3) -> 394.9 (439.8) MB, 4.4 / 0.0 ms  allocation failure 
[54571:0x102802400]      473 ms: Scavenge 410.3 (439.8) -> 411.1 (441.3) MB, 4.2 / 0.0 ms  allocation failure 
[54571:0x102802400]      477 ms: Scavenge 411.1 (441.3) -> 410.3 (457.3) MB, 3.8 / 0.0 ms  allocation failure 
[54571:0x102802400]      483 ms: Scavenge 426.0 (457.3) -> 426.8 (459.3) MB, 4.2 / 0.0 ms  allocation failure 
[54571:0x102802400]      487 ms: Scavenge 426.8 (459.3) -> 426.1 (475.8) MB, 4.3 / 0.0 ms  allocation failure 
[54571:0x102802400]      493 ms: Scavenge 441.8 (475.8) -> 442.5 (477.8) MB, 4.2 / 0.0 ms  allocation failure 
[54571:0x102802400]      497 ms: Scavenge 442.6 (477.8) -> 441.8 (494.3) MB, 4.3 / 0.0 ms  allocation failure 
[54571:0x102802400]      502 ms: Scavenge 457.5 (494.3) -> 458.3 (496.3) MB, 3.7 / 0.0 ms  allocation failure 
[54571:0x102802400]      507 ms: Scavenge 458.3 (496.3) -> 457.5 (512.3) MB, 4.4 / 0.0 ms  allocation failure 
[54571:0x102802400]      511 ms: Scavenge 473.2 (512.3) -> 474.0 (514.3) MB, 3.1 / 0.0 ms  allocation failure 
[54571:0x102802400]      516 ms: Scavenge 474.0 (514.3) -> 473.3 (530.3) MB, 4.4 / 0.0 ms  allocation failure 
[54571:0x102802400]      525 ms: Scavenge 495.6 (536.9) -> 496.4 (538.9) MB, 3.4 / 0.0 ms  allocation failure 
[54571:0x102802400]      529 ms: Scavenge 496.4 (538.9) -> 495.6 (555.4) MB, 4.0 / 0.0 ms  allocation failure 
[54571:0x102802400]      534 ms: Scavenge 511.3 (555.4) -> 512.1 (557.4) MB, 4.3 / 0.0 ms  allocation failure 
[54571:0x102802400]      539 ms: Scavenge 512.1 (557.4) -> 511.4 (573.9) MB, 4.5 / 0.0 ms  allocation failure 
[54571:0x102802400]      545 ms: Scavenge 527.1 (573.9) -> 527.8 (575.9) MB, 4.3 / 0.0 ms  allocation failure 
[54571:0x102802400]      549 ms: Scavenge 527.9 (575.9) -> 527.1 (591.9) MB, 4.6 / 0.0 ms  allocation failure 
[54571:0x102802400]      555 ms: Scavenge 542.8 (591.9) -> 543.6 (593.9) MB, 4.4 / 0.0 ms  allocation failure 
[54571:0x102802400]      559 ms: Scavenge 543.6 (593.9) -> 542.8 (609.9) MB, 4.0 / 0.0 ms  allocation failure 
[54571:0x102802400]      564 ms: Scavenge 558.5 (609.9) -> 559.3 (611.9) MB, 3.2 / 0.0 ms  allocation failure 
[54571:0x102802400]      568 ms: Scavenge 559.3 (611.9) -> 558.6 (628.4) MB, 4.0 / 0.0 ms  allocation failure 
[54571:0x102802400]      573 ms: Scavenge 574.3 (628.4) -> 575.0 (630.4) MB, 4.2 / 0.0 ms  allocation failure 
[54571:0x102802400]      578 ms: Scavenge 575.1 (630.4) -> 574.3 (646.9) MB, 4.5 / 0.0 ms  allocation failure 
[54571:0x102802400]      584 ms: Scavenge 590.0 (646.9) -> 590.8 (648.9) MB, 4.3 / 0.0 ms  allocation failure 
[54571:0x102802400]      588 ms: Scavenge 590.8 (648.9) -> 590.0 (665.4) MB, 4.5 / 0.0 ms  allocation failure 
[54571:0x102802400]      594 ms: Scavenge 605.7 (665.4) -> 606.5 (667.4) MB, 4.4 / 0.0 ms  allocation failure 
[54571:0x102802400]      599 ms: Scavenge 606.5 (667.4) -> 605.8 (683.9) MB, 4.7 / 0.0 ms  allocation failure 
[54571:0x102802400]      604 ms: Scavenge 621.5 (683.9) -> 622.2 (685.9) MB, 3.9 / 0.0 ms  allocation failure 
[54571:0x102802400]      609 ms: Scavenge 622.3 (685.9) -> 621.5 (702.4) MB, 4.8 / 0.0 ms  allocation failure 
[54571:0x102802400]      614 ms: Scavenge 637.2 (702.4) -> 638.0 (704.4) MB, 4.1 / 0.0 ms  allocation failure 
[54571:0x102802400]      619 ms: Scavenge 638.0 (704.4) -> 637.2 (720.4) MB, 4.6 / 0.0 ms  allocation failure 
[54571:0x102802400]      625 ms: Scavenge 652.9 (720.4) -> 653.7 (722.4) MB, 4.3 / 0.0 ms  allocation failure 
[54571:0x102802400]      629 ms: Scavenge 653.7 (722.4) -> 653.0 (738.4) MB, 4.2 / 0.0 ms  allocation failure 
[54571:0x102802400]      634 ms: Scavenge 668.7 (738.4) -> 669.4 (740.4) MB, 4.0 / 0.0 ms  allocation failure 
[54571:0x102802400]      639 ms: Scavenge 669.5 (740.4) -> 668.7 (756.4) MB, 4.8 / 0.0 ms  allocation failure 
[54571:0x102802400]      696 ms: Scavenge 684.4 (756.4) -> 685.2 (756.4) MB, 4.1 / 0.0 ms  allocation failure 
[54571:0x102802400]      700 ms: Scavenge 685.2 (756.4) -> 684.4 (756.4) MB, 3.9 / 0.0 ms  allocation failure 
[54571:0x102802400]      881 ms: Mark-sweep 698.0 (756.4) -> 693.6 (731.5) MB, 4.2 / 0.0 ms  (+ 226.3 ms in 465 steps since start of marking, biggest step 5.3 ms, walltime since start of marking 252 ms) finalize incremental marking via stack guard GC in old space requested
[54571:0x102802400]      893 ms: Scavenge 695.7 (731.5) -> 695.8 (741.5) MB, 11.5 / 0.0 ms  allocation failure 
[54571:0x102802400]      904 ms: Scavenge 709.3 (741.5) -> 709.9 (745.0) MB, 5.2 / 0.0 ms  allocation failure 
[54571:0x102802400]      908 ms: Scavenge 711.4 (745.0) -> 710.8 (760.0) MB, 4.7 / 0.0 ms  allocation failure 
[54571:0x102802400]      919 ms: Scavenge 734.9 (769.9) -> 735.6 (771.9) MB, 3.7 / 0.0 ms  allocation failure 
[54571:0x102802400]      924 ms: Scavenge 736.4 (771.9) -> 735.7 (787.4) MB, 4.5 / 0.0 ms  allocation failure 
[54571:0x102802400]      928 ms: Scavenge 750.5 (787.4) -> 751.3 (788.9) MB, 3.1 / 0.0 ms  allocation failure 
[54571:0x102802400]      934 ms: Scavenge 751.3 (788.9) -> 750.5 (804.9) MB, 5.5 / 0.0 ms  allocation failure 
[54571:0x102802400]      940 ms: Scavenge 766.2 (804.9) -> 766.9 (806.9) MB, 4.3 / 0.0 ms  allocation failure 
[54571:0x102802400]      945 ms: Scavenge 767.0 (806.9) -> 766.2 (823.4) MB, 4.8 / 0.0 ms  allocation failure 
[54571:0x102802400]      950 ms: Scavenge 781.9 (823.4) -> 782.7 (825.4) MB, 3.8 / 0.0 ms  allocation failure 
[54571:0x102802400]      955 ms: Scavenge 782.7 (825.4) -> 781.9 (841.4) MB, 5.2 / 0.0 ms  allocation failure 
[54571:0x102802400]      961 ms: Scavenge 797.6 (841.4) -> 798.4 (843.4) MB, 4.5 / 0.0 ms  allocation failure 
[54571:0x102802400]      967 ms: Scavenge 798.4 (843.4) -> 797.7 (859.9) MB, 5.6 / 0.0 ms  allocation failure 
[54571:0x102802400]      972 ms: Scavenge 813.4 (859.9) -> 814.1 (861.9) MB, 4.1 / 0.0 ms  allocation failure 
[54571:0x102802400]      977 ms: Scavenge 814.2 (861.9) -> 813.4 (877.9) MB, 4.9 / 0.0 ms  allocation failure 
[54571:0x102802400]      983 ms: Scavenge 829.1 (877.9) -> 829.9 (879.9) MB, 4.2 / 0.0 ms  allocation failure 
[54571:0x102802400]      988 ms: Scavenge 829.9 (879.9) -> 829.1 (896.4) MB, 5.4 / 0.0 ms  allocation failure 
